// Jest Snapshot v1, https://goo.gl/fbAQLP

exports[`Icon Renders a snapshot 1`] = `
<span
  className="icon css-16j44wd"
  id="blender"
>
  <img
    alt="blender icon"
    className="css-14hsflx"
    src="./images/icons/blender.png"
  />
</span>
`;
